// Jest Snapshot v1, https://goo.gl/fbAQLP

exports[`basic snapshot 1`] = `
<div
  className="SkVariantList-variantsContainer-1"
>
  <div
    className="SkVariantList-variantItem-2"
  >
    <button
      className="MuiButtonBase-root-6 SkVariantItem-variantButton-4 SkVariantItem-activeVariant-5"
      disabled={undefined}
      onBlur={[Function]}
      onClick={[Function]}
      onFocus={[Function]}
      onKeyDown={[Function]}
      onKeyUp={[Function]}
      onMouseDown={[Function]}
      onMouseLeave={[Function]}
      onMouseUp={[Function]}
      onTouchEnd={[Function]}
      onTouchMove={[Function]}
      onTouchStart={[Function]}
      tabIndex="0"
      type="button"
    >
      <span
        className="MuiTypography-root-9 MuiTypography-body1-18"
      >
        Sample Variant
      </span>
      <span
        className="MuiTypography-root-9 MuiTypography-body1-18"
      >
        $12.99 - $19.99
      </span>
    </button>
    <div
      className="SkVariantList-alert-3"
    >
      <div
        className="BadgeOverlay__Overlay-gvAWwt cDasYZ"
      />
    </div>
  </div>
  <div
    className="SkVariantList-variantItem-2"
  >
    <button
      className="MuiButtonBase-root-6 SkVariantItem-variantButton-4"
      disabled={undefined}
      onBlur={[Function]}
      onClick={[Function]}
      onFocus={[Function]}
      onKeyDown={[Function]}
      onKeyUp={[Function]}
      onMouseDown={[Function]}
      onMouseLeave={[Function]}
      onMouseUp={[Function]}
      onTouchEnd={[Function]}
      onTouchMove={[Function]}
      onTouchStart={[Function]}
      tabIndex="0"
      type="button"
    >
      <span
        className="MuiTypography-root-9 MuiTypography-body1-18"
      >
        Sample Variant 2
      </span>
      <span
        className="MuiTypography-root-9 MuiTypography-body1-18"
      >
        $12.99 - $19.99
      </span>
    </button>
  </div>
  <div
    className="SkDivider-container-34"
  >
    <hr
      className="SkDivider-item-36"
    />
    <span
      className="MuiTypography-root-9 MuiTypography-body1-18 SkDivider-label-35"
    >
      Available Options
    </span>
    <hr
      className="SkDivider-item-36"
    />
  </div>
  <div
    className="MuiGrid-container-40 MuiGrid-spacing-xs-8-62 SkOptionsList-root-37"
  >
    <div
      className="MuiGrid-item-41"
    >
      <button
        className="MuiButtonBase-root-6 SkProductDetailOption-optionButton-137 SkProductDetailOption-isSelected-139"
        disabled={undefined}
        onBlur={[Function]}
        onClick={[Function]}
        onFocus={[Function]}
        onKeyDown={[Function]}
        onKeyUp={[Function]}
        onMouseDown={[Function]}
        onMouseLeave={[Function]}
        onMouseUp={[Function]}
        onTouchEnd={[Function]}
        onTouchMove={[Function]}
        onTouchStart={[Function]}
        tabIndex="0"
        type="button"
      >
        <span
          className="MuiTypography-root-9 MuiTypography-body1-18 SkProductDetailOption-optionText-138"
        >
          Red
        </span>
      </button>
      <div
        className="SkOptionsList-alert-38"
      >
        <div
          className="BadgeOverlay__Overlay-gvAWwt gJVwBl"
        />
      </div>
    </div>
    <div
      className="MuiGrid-item-41"
    >
      <button
        className="MuiButtonBase-root-6 SkProductDetailOption-optionButton-137"
        disabled={undefined}
        onBlur={[Function]}
        onClick={[Function]}
        onFocus={[Function]}
        onKeyDown={[Function]}
        onKeyUp={[Function]}
        onMouseDown={[Function]}
        onMouseLeave={[Function]}
        onMouseUp={[Function]}
        onTouchEnd={[Function]}
        onTouchMove={[Function]}
        onTouchStart={[Function]}
        tabIndex="0"
        type="button"
      >
        <span
          className="MuiTypography-root-9 MuiTypography-body1-18 SkProductDetailOption-optionText-138"
        >
          Green
        </span>
      </button>
    </div>
  </div>
</div>
`;
